--- dialog probe start ---
io.popen present
[1] io.popen raw
   stalled 0.40s (os.time delta 0s)
   got [VSAV_POPEN_OK]
   OK stdout is readable
[1] io.popen raw
   stalled 0.39s (os.time delta 0s)
   got [VSAV_POPEN_OK]
   OK stdout is readable
[1] io.popen raw
   stalled 0.39s (os.time delta 1s)
   got [VSAV_POPEN_OK]
   OK stdout is readable
[1] io.popen raw
   stalled 0.38s (os.time delta 0s)
   got [VSAV_POPEN_OK]
   OK stdout is readable
[1] io.popen raw
   stalled 0.38s (os.time delta 0s)
   got [VSAV_POPEN_OK]
   OK stdout is readable
[1] io.popen raw
   stalled 0.38s (os.time delta 1s)
   got [VSAV_POPEN_OK]
   OK stdout is readable
[1] io.popen raw
   stalled 0.38s (os.time delta 0s)
   got [VSAV_POPEN_OK]
   OK stdout is readable
[1] io.popen raw
   stalled 0.38s (os.time delta 0s)
   got [VSAV_POPEN_OK]
   OK stdout is readable
[1] io.popen raw
   stalled 0.38s (os.time delta 1s)
   got [VSAV_POPEN_OK]
   OK stdout is readable
[1] io.popen raw
   stalled 0.38s (os.time delta 1s)
   got [VSAV_POPEN_OK]
   OK stdout is readable
[1] io.popen raw
   stalled 0.38s (os.time delta 0s)
   got [VSAV_POPEN_OK]
   OK stdout is readable
[1] io.popen raw
   stalled 0.38s (os.time delta 0s)
   got [VSAV_POPEN_OK]
   OK stdout is readable
[1] io.popen raw
   stalled 0.38s (os.time delta 1s)
   got [VSAV_POPEN_OK]
   OK stdout is readable
[1] io.popen raw
   stalled 0.38s (os.time delta 0s)
   got [VSAV_POPEN_OK]
   OK stdout is readable
[1] io.popen raw
   stalled 0.38s (os.time delta 0s)
   got [VSAV_POPEN_OK]
   OK stdout is readable
[1] io.popen raw
   stalled 0.38s (os.time delta 1s)
   got [VSAV_POPEN_OK]
   OK stdout is readable
--- dialog probe start ---
io.popen present
[1] io.popen raw
   stalled 0.39s (os.time delta 1s)
   got [VSAV_POPEN_OK]
   OK stdout is readable
--- dialog probe start ---
io.popen present
[1] io.popen raw
   stalled 0.39s (os.time delta 0s)
   got [VSAV_POPEN_OK]
   OK stdout is readable
[2] Export (SaveFileDialog)
   stalled 0.61s (os.time delta 1s)
   stdout [Windows PowerShell
Copyright (C) Microsoft Corporation. All rights reserved.

新機能と改善のために最新の PowerShell をインストールしてください!https://aka.ms/PSWindows]
   bytes  57 69 6E 64 6F 77 73 20 50 6F 77 65 72 53 68 65
   file   [nil]
   bytes  nil
   NG PowerShell never wrote the file - it did not run
[2] Export (SaveFileDialog)
   stalled 0.51s (os.time delta 1s)
   stdout [Windows PowerShell
Copyright (C) Microsoft Corporation. All rights reserved.

新機能と改善のために最新の PowerShell をインストールしてください!https://aka.ms/PSWindows]
   bytes  57 69 6E 64 6F 77 73 20 50 6F 77 65 72 53 68 65
   file   [nil]
   bytes  nil
   NG PowerShell never wrote the file - it did not run
[2] Export (SaveFileDialog)
   stalled 0.51s (os.time delta 0s)
   stdout [Windows PowerShell
Copyright (C) Microsoft Corporation. All rights reserved.

新機能と改善のために最新の PowerShell をインストールしてください!https://aka.ms/PSWindows]
   bytes  57 69 6E 64 6F 77 73 20 50 6F 77 65 72 53 68 65
   file   [nil]
   bytes  nil
   NG PowerShell never wrote the file - it did not run
[2] Export (SaveFileDialog)
   stalled 0.51s (os.time delta 0s)
   stdout [Windows PowerShell
Copyright (C) Microsoft Corporation. All rights reserved.

新機能と改善のために最新の PowerShell をインストールしてください!https://aka.ms/PSWindows]
   bytes  57 69 6E 64 6F 77 73 20 50 6F 77 65 72 53 68 65
   file   [nil]
   bytes  nil
   NG PowerShell never wrote the file - it did not run
