--- naming probe start ---
io.popen present
[1 ASCII name]
   using naming_probe.ps1
[1 ASCII name]
   using naming_probe.ps1
   stalled 12.44s
   status [CANCELLED]
   text   []
   bytes  
   len    0 bytes, ps says 0
   ASCII only - this one can be drawn
   cancelled (not a fault) - name left as []
   stalled 13.52s
   status [CANCELLED]
   text   []
   bytes  
   len    0 bytes, ps says 0
   cancelled (not a fault) - name left as []
[1 ASCII name]
[1 ASCII name]
   stalled 11.57s
   status [OK]
   text   [abcdefg]
   bytes  61 62 63 64 65 66 67
   len    7 bytes, ps says 7
   ASCII only - this one can be drawn
   OK name is now [abcdefg]
   stalled 16.54s
   status [OK]
   text   [kadala]
   bytes  6B 61 64 61 6C 61
   len    6 bytes, ps says 6
   OK name is now [kadala]
--- naming probe start ---
io.popen present
[1 ASCII name]
   using naming_probe.ps1
   stalled 3.94s
   status [OK]
   text   [akdaldalal]
   bytes  61 6B 64 61 6C 64 61 6C 61 6C
   len    10 bytes, ps says 10
   ASCII only - this one can be drawn
   OK name is now [akdaldalal]
[1 ASCII name]
   stalled 10.35s
   status [OK]
   text   [漢字テスト]
   bytes  E6 BC A2 E5 AD 97 E3 83 86 E3 82 B9 E3 83 88
   len    15 bytes, ps says 15
   15 non-ASCII bytes - WILL DRAW AS BLANK
   OK name is now [漢字テスト]
[1 ASCII name]
   stalled 6.38s
   status [OK]
   text   [カタカナ]
   bytes  E3 82 AB E3 82 BF E3 82 AB E3 83 8A
   len    12 bytes, ps says 12
   12 non-ASCII bytes - WILL DRAW AS BLANK
   OK name is now [カタカナ]
[1 ASCII name]
   stalled 8.84s
   status [OK]
   text   [ka0ddjfifa23435678890-xcvb]
   bytes  6B 61 30 64 64 6A 66 69 66 61 32 33 34 33 35 36 37 38 38 39 30 2D 78 63
   len    26 bytes, ps says 26
   ASCII only - this one can be drawn
   OK name is now [ka0ddjfifa23435678890-xcvb]
[1 ASCII name]
   stalled 4.78s
   status [OK]
   text   [test]
   bytes  74 65 73 74
   len    4 bytes, ps says 4
   ASCII only - this one can be drawn
   OK name is now [test]
[1 ASCII name]
   stalled 4.85s
   status [OK]
   text   [日本語]
   bytes  E6 97 A5 E6 9C AC E8 AA 9E
   len    9 bytes, ps says 9
   9 non-ASCII bytes - WILL DRAW AS BLANK
   OK name is now [日本語]
