--- naming probe start ---
io.popen present
[1 ASCII name]
   using naming_probe.ps1
   stalled 2.55s
   status [OK]
   text   [test]
   bytes  74 65 73 74
   len    4 bytes, ps says 4
   ASCII only - this one can be drawn
   OK name is now [test]
[3 rename, pre-filled]
   stalled 6.80s
   status [OK]
   text   [testbbbb]
   bytes  74 65 73 74 62 62 62 62
   len    8 bytes, ps says 8
   ASCII only - this one can be drawn
   OK name is now [testbbbb]
[3 rename, pre-filled]
   stalled 10.28s
   status [OK]
   text   [short gedan]
   bytes  73 68 6F 72 74 20 67 65 64 61 6E
   len    11 bytes, ps says 11
   ASCII only - this one can be drawn
   OK name is now [short gedan]
[3 rename, pre-filled]
   stalled 3.98s
   status [CANCELLED]
   text   []
   bytes  
   len    0 bytes, ps says 0
   ASCII only - this one can be drawn
   cancelled (not a fault) - name left as [short gedan]
--- naming probe start ---
io.popen present
[1 ASCII name]
   using naming_probe.ps1
   stalled 8.38s
   status [CANCELLED]
   text   []
   bytes  
   len    0 bytes, ps says 0
   ASCII only - this one can be drawn
   cancelled (not a fault) - name left as []
[1 ASCII name]
   stalled 7.23s
   status [OK]
   text   [dafdaafafsd]
   bytes  64 61 66 64 61 61 66 61 66 73 64
   len    11 bytes, ps says 11
   ASCII only - this one can be drawn
   OK name is now [dafdaafafsd]
[4 cancel test]
   stalled 3.53s
   status [OK]
   text   [dfadfafaafad]
   bytes  64 66 61 64 66 61 66 61 61 66 61 64
   len    12 bytes, ps says 12
   ASCII only - this one can be drawn
   OK name is now [dfadfafaafad]
[4 cancel test]
   stalled 5.75s
   status [CANCELLED]
   text   []
   bytes  
   len    0 bytes, ps says 0
   ASCII only - this one can be drawn
   cancelled (not a fault) - name left as [dfadfafaafad]
